  Determining projects to restore...
/Users/preethamdandu/Desktop/c# and .net projects/NeuroSearch Agent/src/NeuroSearch.Plugins/NeuroSearch.Plugins.csproj : warning NU1510: PackageReference System.Net.Http.Json will not be pruned. Consider removing this package from your dependencies, as it is likely unnecessary. [/Users/preethamdandu/Desktop/c# and .net projects/NeuroSearch Agent/tests/NeuroSearch.Tests/NeuroSearch.Tests.csproj]
  All projects are up-to-date for restore.
/Users/preethamdandu/Desktop/c# and .net projects/NeuroSearch Agent/src/NeuroSearch.Plugins/NeuroSearch.Plugins.csproj : warning NU1510: PackageReference System.Net.Http.Json will not be pruned. Consider removing this package from your dependencies, as it is likely unnecessary.
  NeuroSearch.Core -> /Users/preethamdandu/Desktop/c# and .net projects/NeuroSearch Agent/src/NeuroSearch.Core/bin/Debug/net10.0/NeuroSearch.Core.dll
  NeuroSearch.Plugins -> /Users/preethamdandu/Desktop/c# and .net projects/NeuroSearch Agent/src/NeuroSearch.Plugins/bin/Debug/net10.0/NeuroSearch.Plugins.dll
  NeuroSearch.Agent -> /Users/preethamdandu/Desktop/c# and .net projects/NeuroSearch Agent/src/NeuroSearch.Agent/bin/Debug/net10.0/NeuroSearch.Agent.dll
/Users/preethamdandu/Desktop/c# and .net projects/NeuroSearch Agent/tests/NeuroSearch.Tests/SecurityTests.cs(202,14): warning xUnit1031: Test methods should not use blocking task operations, as they can cause deadlocks. Use an async test method and await instead. (https://xunit.net/xunit.analyzers/rules/xUnit1031) [/Users/preethamdandu/Desktop/c# and .net projects/NeuroSearch Agent/tests/NeuroSearch.Tests/NeuroSearch.Tests.csproj]
  NeuroSearch.Tests -> /Users/preethamdandu/Desktop/c# and .net projects/NeuroSearch Agent/tests/NeuroSearch.Tests/bin/Debug/net10.0/NeuroSearch.Tests.dll
Test run for /Users/preethamdandu/Desktop/c# and .net projects/NeuroSearch Agent/tests/NeuroSearch.Tests/bin/Debug/net10.0/NeuroSearch.Tests.dll (.NETCoreApp,Version=v10.0)
VSTest version 18.0.1 (arm64)

Starting test execution, please wait...
A total of 1 test files matched the specified pattern.
/Users/preethamdandu/Desktop/c# and .net projects/NeuroSearch Agent/tests/NeuroSearch.Tests/bin/Debug/net10.0/NeuroSearch.Tests.dll
[xUnit.net 00:00:00.00] xUnit.net VSTest Adapter v2.8.2+699d445a1a (64-bit .NET 10.0.2)
[xUnit.net 00:00:00.02]   Discovering: NeuroSearch.Tests
[xUnit.net 00:00:00.05]   Discovered:  NeuroSearch.Tests
[xUnit.net 00:00:00.05]   Starting:    NeuroSearch.Tests
  Passed NeuroSearch.Tests.SecurityTests.ValidateSearchQuery_Should_Detect_XSS_Patterns(maliciousInput: "<script>alert('xss')</script>", expectedPattern: "script") [3 ms]
  Passed NeuroSearch.Tests.SecurityTests.ValidateSearchQuery_Should_Detect_XSS_Patterns(maliciousInput: "javascript:void(0)", expectedPattern: "script") [< 1 ms]
  Passed NeuroSearch.Tests.SecurityTests.ValidateSearchQuery_Should_Detect_XSS_Patterns(maliciousInput: "eval(malicious_code)", expectedPattern: "script") [< 1 ms]
  Passed NeuroSearch.Tests.SecurityTests.ValidateSearchQuery_Should_Detect_XSS_Patterns(maliciousInput: "<iframe src='evil.com'>", expectedPattern: "script") [< 1 ms]
  Passed NeuroSearch.Tests.SecurityTests.ValidateSearchQuery_Should_Detect_XSS_Patterns(maliciousInput: "onerror=alert('xss')", expectedPattern: "script") [< 1 ms]
  Passed NeuroSearch.Tests.SecurityTests.RateLimiter_Should_Be_Thread_Safe [1 ms]
  Passed NeuroSearch.Tests.SecurityTests.ValidateUrl_Should_Reject_Empty_Urls(emptyUrl: "") [< 1 ms]
  Passed NeuroSearch.Tests.SecurityTests.ValidateUrl_Should_Reject_Empty_Urls(emptyUrl: null) [< 1 ms]
  Passed NeuroSearch.Tests.SecurityTests.ValidateUrl_Should_Reject_Empty_Urls(emptyUrl: "   ") [< 1 ms]
  Passed NeuroSearch.Tests.SecurityTests.ValidateUrl_Should_Reject_Malformed_Urls(malformedUrl: "http://") [1 ms]
  Passed NeuroSearch.Tests.SecurityTests.ValidateUrl_Should_Reject_Malformed_Urls(malformedUrl: "http://.com") [2 ms]
  Passed NeuroSearch.Tests.SecurityTests.ValidateUrl_Should_Reject_Malformed_Urls(malformedUrl: "not-a-url") [< 1 ms]
  Passed NeuroSearch.Tests.SecurityTests.ValidateUrl_Should_Reject_Malformed_Urls(malformedUrl: "https://") [< 1 ms]
  Passed NeuroSearch.Tests.SecurityTests.ValidateUrl_Should_Block_SSRF_Attacks(internalUrl: "http://localhost/admin") [< 1 ms]
  Passed NeuroSearch.Tests.SecurityTests.ValidateUrl_Should_Block_SSRF_Attacks(internalUrl: "http://172.16.0.1") [< 1 ms]
  Passed NeuroSearch.Tests.SecurityTests.ValidateUrl_Should_Block_SSRF_Attacks(internalUrl: "http://192.168.1.1") [< 1 ms]
  Passed NeuroSearch.Tests.SecurityTests.ValidateUrl_Should_Block_SSRF_Attacks(internalUrl: "http://172.31.255.255") [< 1 ms]
  Passed NeuroSearch.Tests.SecurityTests.ValidateUrl_Should_Block_SSRF_Attacks(internalUrl: "http://127.0.0.1") [< 1 ms]
  Passed NeuroSearch.Tests.SecurityTests.ValidateUrl_Should_Block_SSRF_Attacks(internalUrl: "http://10.0.0.1") [< 1 ms]
  Passed NeuroSearch.Tests.SecurityTests.ValidateUrl_Should_Block_SSRF_Attacks(internalUrl: "https://localhost:6333") [< 1 ms]
  Passed NeuroSearch.Tests.SecurityTests.ValidateSearchQuery_Should_Enforce_Max_Length [< 1 ms]
  Passed NeuroSearch.Tests.SecurityTests.ValidateUrl_Should_Only_Allow_HTTP_HTTPS(invalidScheme: "javascript:alert(1)") [< 1 ms]
  Passed NeuroSearch.Tests.SecurityTests.ValidateUrl_Should_Only_Allow_HTTP_HTTPS(invalidScheme: "data:text/html,<script>alert(1)</script>") [< 1 ms]
  Passed NeuroSearch.Tests.SecurityTests.ValidateUrl_Should_Only_Allow_HTTP_HTTPS(invalidScheme: "file:///etc/passwd") [< 1 ms]
  Passed NeuroSearch.Tests.SecurityTests.ValidateUrl_Should_Only_Allow_HTTP_HTTPS(invalidScheme: "ftp://example.com") [< 1 ms]
  Passed NeuroSearch.Tests.SecurityTests.ValidateNumericRange_Should_Accept_Valid_Values(value: 10, min: 1, max: 10) [< 1 ms]
  Passed NeuroSearch.Tests.SecurityTests.ValidateNumericRange_Should_Accept_Valid_Values(value: 1, min: 1, max: 10) [< 1 ms]
[xUnit.net 00:00:00.08]     NeuroSearch.Tests.SecurityTests.ValidateSearchQuery_Should_Sanitize_Valid_Input [FAIL]
[xUnit.net 00:00:00.08]       Assert.DoesNotContain() Failure: Sub-string found
[xUnit.net 00:00:00.08]                ↓ (pos 0)
[xUnit.net 00:00:00.08]       String: "normal search query"
[xUnit.net 00:00:00.08]       Found:  "\0"
[xUnit.net 00:00:00.08]       Stack Trace:
[xUnit.net 00:00:00.08]         /Users/preethamdandu/Desktop/c# and .net projects/NeuroSearch Agent/tests/NeuroSearch.Tests/SecurityTests.cs(242,0): at NeuroSearch.Tests.SecurityTests.ValidateSearchQuery_Should_Sanitize_Valid_Input()
[xUnit.net 00:00:00.08]            at System.Reflection.MethodBaseInvoker.InterpretedInvoke_Method(Object obj, IntPtr* args)
[xUnit.net 00:00:00.08]            at System.Reflection.MethodBaseInvoker.InvokeWithNoArgs(Object obj, BindingFlags invokeAttr)
  Passed NeuroSearch.Tests.SecurityTests.ValidateNumericRange_Should_Accept_Valid_Values(value: 5, min: 1, max: 10) [< 1 ms]
  Failed NeuroSearch.Tests.SecurityTests.ValidateSearchQuery_Should_Sanitize_Valid_Input [6 ms]
  Error Message:
   Assert.DoesNotContain() Failure: Sub-string found
         ↓ (pos 0)
String: "normal search query"
Found:  "\0"
  Stack Trace:
     at NeuroSearch.Tests.SecurityTests.ValidateSearchQuery_Should_Sanitize_Valid_Input() in /Users/preethamdandu/Desktop/c# and .net projects/NeuroSearch Agent/tests/NeuroSearch.Tests/SecurityTests.cs:line 242
   at System.Reflection.MethodBaseInvoker.InterpretedInvoke_Method(Object obj, IntPtr* args)
   at System.Reflection.MethodBaseInvoker.InvokeWithNoArgs(Object obj, BindingFlags invokeAttr)
  Passed NeuroSearch.Tests.SecurityTests.ValidateSearchQuery_Should_Detect_SQL_Injection(maliciousInput: "admin'--", expectedPattern: "SQL") [< 1 ms]
  Passed NeuroSearch.Tests.SecurityTests.ValidateSearchQuery_Should_Detect_SQL_Injection(maliciousInput: "SELECT * FROM users WHERE username='admin' OR '1'="···, expectedPattern: "SQL") [< 1 ms]
  Passed NeuroSearch.Tests.SecurityTests.ValidateSearchQuery_Should_Detect_SQL_Injection(maliciousInput: "'; DROP TABLE users; --", expectedPattern: "SQL") [< 1 ms]
  Passed NeuroSearch.Tests.SecurityTests.ValidateSearchQuery_Should_Detect_SQL_Injection(maliciousInput: "1=1 UNION SELECT * FROM passwords", expectedPattern: "SQL") [< 1 ms]
  Passed NeuroSearch.Tests.SecurityTests.ValidateNumericRange_Should_Reject_Out_Of_Range(value: -1, min: 1, max: 10, fieldName: "value") [< 1 ms]
  Passed NeuroSearch.Tests.SecurityTests.ValidateNumericRange_Should_Reject_Out_Of_Range(value: 0, min: 1, max: 10, fieldName: "value") [< 1 ms]
  Passed NeuroSearch.Tests.SecurityTests.ValidateNumericRange_Should_Reject_Out_Of_Range(value: 100, min: 1, max: 10, fieldName: "value") [< 1 ms]
[xUnit.net 00:00:01.20]   Finished:    NeuroSearch.Tests
  Passed NeuroSearch.Tests.SecurityTests.ValidateNumericRange_Should_Reject_Out_Of_Range(value: 11, min: 1, max: 10, fieldName: "value") [< 1 ms]
  Passed NeuroSearch.Tests.SecurityTests.RateLimiter_Should_Allow_Burst_Then_Throttle [< 1 ms]
  Passed NeuroSearch.Tests.SecurityTests.RateLimiter_Should_Refill_Over_Time [1 s]
  Passed NeuroSearch.Tests.SecurityTests.ValidateSearchQuery_Should_Reject_Empty_Input(emptyInput: null) [< 1 ms]
  Passed NeuroSearch.Tests.SecurityTests.ValidateSearchQuery_Should_Reject_Empty_Input(emptyInput: "") [< 1 ms]
  Passed NeuroSearch.Tests.SecurityTests.ValidateSearchQuery_Should_Reject_Empty_Input(emptyInput: "   ") [< 1 ms]
  Passed NeuroSearch.Tests.SecurityTests.ValidateUrl_Should_Accept_Valid_HTTPS_Urls [< 1 ms]

Test Run Failed.
Total tests: 43
     Passed: 42
     Failed: 1
 Total time: 1.4303 Seconds
